EN comparador_exp NULL C:/Users/ANDRES/Documents/UBA/Ibimestre/circuitoslogicosprogramables/ProyFinal/programa/Proyecto_ALU_v1/Comparador_Exp.vhd sub00/vhpl00 1451836384
AR selec_exponente behavioral C:/Users/ANDRES/Documents/UBA/Ibimestre/circuitoslogicosprogramables/ProyFinal/programa/Proyecto_ALU_v1/Selec_exponente.vhd sub00/vhpl27 1451836401
AR comparador_exp behavioral C:/Users/ANDRES/Documents/UBA/Ibimestre/circuitoslogicosprogramables/ProyFinal/programa/Proyecto_ALU_v1/Comparador_Exp.vhd sub00/vhpl01 1451836385
EN pressenta_resultados NULL C:/Users/ANDRES/Documents/UBA/Ibimestre/circuitoslogicosprogramables/ProyFinal/programa/Proyecto_ALU_v1/Pressenta_resultados.vhd sub00/vhpl12 1451836404
EN restador NULL C:/Users/ANDRES/Documents/UBA/Ibimestre/circuitoslogicosprogramables/ProyFinal/programa/Proyecto_ALU_v1/Restador.vhd sub00/vhpl20 1451836394
EN multiplicador NULL C:/Users/ANDRES/Documents/UBA/Ibimestre/circuitoslogicosprogramables/ProyFinal/programa/Proyecto_ALU_v1/Multiplicador.vhd sub00/vhpl22 1451836396
EN selec_exponente NULL C:/Users/ANDRES/Documents/UBA/Ibimestre/circuitoslogicosprogramables/ProyFinal/programa/Proyecto_ALU_v1/Selec_exponente.vhd sub00/vhpl26 1451836400
EN seleccion_operacion NULL C:/Users/ANDRES/Documents/UBA/Ibimestre/circuitoslogicosprogramables/ProyFinal/programa/Proyecto_ALU_v1/seleccion_operacion.vhd sub00/vhpl14 1451836388
AR sumador behavioral C:/Users/ANDRES/Documents/UBA/Ibimestre/circuitoslogicosprogramables/ProyFinal/programa/Proyecto_ALU_v1/Sumador.vhd sub00/vhpl09 1451836393
EN seleccion_suma_resta NULL C:/Users/ANDRES/Documents/UBA/Ibimestre/circuitoslogicosprogramables/ProyFinal/programa/Proyecto_ALU_v1/Seleccion_suma_resta.vhd sub00/vhpl16 1451526398
EN alu_ieee_754 NULL C:/Users/ANDRES/Documents/UBA/Ibimestre/circuitoslogicosprogramables/ProyFinal/programa/Proyecto_ALU_v1/Sumador_iee_754.vhd sub00/vhpl28 1451836406
AR seleccion_suma_resta behavioral C:/Users/ANDRES/Documents/UBA/Ibimestre/circuitoslogicosprogramables/ProyFinal/programa/Proyecto_ALU_v1/Seleccion_suma_resta.vhd sub00/vhpl17 1451526399
EN sumador_iee_754 NULL C:/Users/ANDRES/Documents/UBA/Ibimestre/circuitoslogicosprogramables/ProyFinal/programa/Proyecto_ALU_v1/Sumador_iee_754.vhd sub00/vhpl18 1451835621
EN shifter NULL C:/Users/ANDRES/Documents/UBA/Ibimestre/circuitoslogicosprogramables/ProyFinal/programa/Proyecto_ALU_v1/Shifter.vhd sub00/vhpl02 1450652386
AR sumador_iee_754 behavioral C:/Users/ANDRES/Documents/UBA/Ibimestre/circuitoslogicosprogramables/ProyFinal/programa/Proyecto_ALU_v1/Sumador_iee_754.vhd sub00/vhpl19 1451835622
AR seleccion_operacion behavioral C:/Users/ANDRES/Documents/UBA/Ibimestre/circuitoslogicosprogramables/ProyFinal/programa/Proyecto_ALU_v1/seleccion_operacion.vhd sub00/vhpl15 1451836389
EN shiftter NULL C:/Users/ANDRES/Documents/UBA/Ibimestre/circuitoslogicosprogramables/ProyFinal/programa/Proyecto_ALU_v1/Shiftter.vhd sub00/vhpl06 1451836390
AR multiplicador behavioral C:/Users/ANDRES/Documents/UBA/Ibimestre/circuitoslogicosprogramables/ProyFinal/programa/Proyecto_ALU_v1/Multiplicador.vhd sub00/vhpl23 1451836397
AR detector_de_rebose behavioral C:/Users/ANDRES/Documents/UBA/Ibimestre/circuitoslogicosprogramables/ProyFinal/programa/Proyecto_ALU_v1/Detector_de_Rebose.vhd sub00/vhpl11 1451836403
EN detector_de_rebose NULL C:/Users/ANDRES/Documents/UBA/Ibimestre/circuitoslogicosprogramables/ProyFinal/programa/Proyecto_ALU_v1/Detector_de_Rebose.vhd sub00/vhpl10 1451836402
AR restador behavioral C:/Users/ANDRES/Documents/UBA/Ibimestre/circuitoslogicosprogramables/ProyFinal/programa/Proyecto_ALU_v1/Restador.vhd sub00/vhpl21 1451836395
EN selec_comp_mantisa NULL C:/Users/ANDRES/Documents/UBA/Ibimestre/circuitoslogicosprogramables/ProyFinal/programa/Proyecto_ALU_v1/Selec_Comp_Mantisa.vhd sub00/vhpl04 1451836386
EN seleccion_suma_resta_mul NULL C:/Users/ANDRES/Documents/UBA/Ibimestre/circuitoslogicosprogramables/ProyFinal/programa/Proyecto_ALU_v1/Seleccion_suma_resta.vhd sub00/vhpl24 1451836398
AR shiftter behavioral C:/Users/ANDRES/Documents/UBA/Ibimestre/circuitoslogicosprogramables/ProyFinal/programa/Proyecto_ALU_v1/Shiftter.vhd sub00/vhpl07 1451836391
AR alu_ieee_754 behavioral C:/Users/ANDRES/Documents/UBA/Ibimestre/circuitoslogicosprogramables/ProyFinal/programa/Proyecto_ALU_v1/Sumador_iee_754.vhd sub00/vhpl29 1451836407
AR shifter behavioral C:/Users/ANDRES/Documents/UBA/Ibimestre/circuitoslogicosprogramables/ProyFinal/programa/Proyecto_ALU_v1/Shifter.vhd sub00/vhpl03 1450652387
AR selec_comp_mantisa behavioral C:/Users/ANDRES/Documents/UBA/Ibimestre/circuitoslogicosprogramables/ProyFinal/programa/Proyecto_ALU_v1/Selec_Comp_Mantisa.vhd sub00/vhpl05 1451836387
EN sumador NULL C:/Users/ANDRES/Documents/UBA/Ibimestre/circuitoslogicosprogramables/ProyFinal/programa/Proyecto_ALU_v1/Sumador.vhd sub00/vhpl08 1451836392
AR pressenta_resultados behavioral C:/Users/ANDRES/Documents/UBA/Ibimestre/circuitoslogicosprogramables/ProyFinal/programa/Proyecto_ALU_v1/Pressenta_resultados.vhd sub00/vhpl13 1451836405
AR seleccion_suma_resta_mul behavioral C:/Users/ANDRES/Documents/UBA/Ibimestre/circuitoslogicosprogramables/ProyFinal/programa/Proyecto_ALU_v1/Seleccion_suma_resta.vhd sub00/vhpl25 1451836399
