EN comparador_exp NULL C:/Users/ANDRES/Documents/UBA/Ibimestre/circuitoslogicosprogramables/ProyFinal/programa/Proyecto_ALU_v1/Comparador_Exp.vhd sub00/vhpl00 1451164649
AR comparador_exp behavioral C:/Users/ANDRES/Documents/UBA/Ibimestre/circuitoslogicosprogramables/ProyFinal/programa/Proyecto_ALU_v1/Comparador_Exp.vhd sub00/vhpl01 1451164650
EN pressenta_resultados NULL C:/Users/ANDRES/Documents/UBA/Ibimestre/circuitoslogicosprogramables/ProyFinal/programa/Proyecto_ALU_v1/Pressenta_resultados.vhd sub00/vhpl12 1451164659
EN seleccion_operacion NULL C:/Users/ANDRES/Documents/UBA/Ibimestre/circuitoslogicosprogramables/ProyFinal/programa/Proyecto_ALU_v1/seleccion_operacion.vhd sub00/vhpl14 1450992391
AR sumador behavioral C:/Users/ANDRES/Documents/UBA/Ibimestre/circuitoslogicosprogramables/ProyFinal/programa/Proyecto_ALU_v1/Sumador.vhd sub00/vhpl09 1451164656
EN seleccion_suma_resta NULL C:/Users/ANDRES/Documents/UBA/Ibimestre/circuitoslogicosprogramables/ProyFinal/programa/Proyecto_ALU_v1/Seleccion_suma_resta.vhd sub00/vhpl16 1450992956
AR seleccion_suma_resta behavioral C:/Users/ANDRES/Documents/UBA/Ibimestre/circuitoslogicosprogramables/ProyFinal/programa/Proyecto_ALU_v1/Seleccion_suma_resta.vhd sub00/vhpl17 1450992957
EN sumador_iee_754 NULL C:/Users/ANDRES/Documents/UBA/Ibimestre/circuitoslogicosprogramables/ProyFinal/programa/Proyecto_ALU_v1/Sumador_iee_754.vhd sub00/vhpl18 1451164661
EN shifter NULL C:/Users/ANDRES/Documents/UBA/Ibimestre/circuitoslogicosprogramables/ProyFinal/programa/Proyecto_ALU_v1/Shifter.vhd sub00/vhpl02 1450652386
AR sumador_iee_754 behavioral C:/Users/ANDRES/Documents/UBA/Ibimestre/circuitoslogicosprogramables/ProyFinal/programa/Proyecto_ALU_v1/Sumador_iee_754.vhd sub00/vhpl19 1451164662
AR seleccion_operacion behavioral C:/Users/ANDRES/Documents/UBA/Ibimestre/circuitoslogicosprogramables/ProyFinal/programa/Proyecto_ALU_v1/seleccion_operacion.vhd sub00/vhpl15 1450992392
EN shiftter NULL C:/Users/ANDRES/Documents/UBA/Ibimestre/circuitoslogicosprogramables/ProyFinal/programa/Proyecto_ALU_v1/Shiftter.vhd sub00/vhpl06 1451164653
AR detector_de_rebose behavioral C:/Users/ANDRES/Documents/UBA/Ibimestre/circuitoslogicosprogramables/ProyFinal/programa/Proyecto_ALU_v1/Detector_de_Rebose.vhd sub00/vhpl11 1451164658
EN detector_de_rebose NULL C:/Users/ANDRES/Documents/UBA/Ibimestre/circuitoslogicosprogramables/ProyFinal/programa/Proyecto_ALU_v1/Detector_de_Rebose.vhd sub00/vhpl10 1451164657
EN selec_comp_mantisa NULL C:/Users/ANDRES/Documents/UBA/Ibimestre/circuitoslogicosprogramables/ProyFinal/programa/Proyecto_ALU_v1/Selec_Comp_Mantisa.vhd sub00/vhpl04 1451164651
AR shiftter behavioral C:/Users/ANDRES/Documents/UBA/Ibimestre/circuitoslogicosprogramables/ProyFinal/programa/Proyecto_ALU_v1/Shiftter.vhd sub00/vhpl07 1451164654
AR shifter behavioral C:/Users/ANDRES/Documents/UBA/Ibimestre/circuitoslogicosprogramables/ProyFinal/programa/Proyecto_ALU_v1/Shifter.vhd sub00/vhpl03 1450652387
AR selec_comp_mantisa behavioral C:/Users/ANDRES/Documents/UBA/Ibimestre/circuitoslogicosprogramables/ProyFinal/programa/Proyecto_ALU_v1/Selec_Comp_Mantisa.vhd sub00/vhpl05 1451164652
EN sumador NULL C:/Users/ANDRES/Documents/UBA/Ibimestre/circuitoslogicosprogramables/ProyFinal/programa/Proyecto_ALU_v1/Sumador.vhd sub00/vhpl08 1451164655
AR pressenta_resultados behavioral C:/Users/ANDRES/Documents/UBA/Ibimestre/circuitoslogicosprogramables/ProyFinal/programa/Proyecto_ALU_v1/Pressenta_resultados.vhd sub00/vhpl13 1451164660
