EN comparador_exp NULL C:/Users/ANDRES/Documents/UBA/Ibimestre/circuitoslogicosprogramables/ProyFinal/programa/Proyecto_ALU_v1/Comparador_Exp.vhd sub00/vhpl00 1450909305
AR comparador_exp behavioral C:/Users/ANDRES/Documents/UBA/Ibimestre/circuitoslogicosprogramables/ProyFinal/programa/Proyecto_ALU_v1/Comparador_Exp.vhd sub00/vhpl01 1450909306
EN pressenta_resultados NULL C:/Users/ANDRES/Documents/UBA/Ibimestre/circuitoslogicosprogramables/ProyFinal/programa/Proyecto_ALU_v1/Pressenta_resultados.vhd sub00/vhpl12 1450989188
EN seleccion_operacion NULL C:/Users/ANDRES/Documents/UBA/Ibimestre/circuitoslogicosprogramables/ProyFinal/programa/Proyecto_ALU_v1/seleccion_operacion.vhd sub00/vhpl14 1450992391
AR sumador behavioral C:/Users/ANDRES/Documents/UBA/Ibimestre/circuitoslogicosprogramables/ProyFinal/programa/Proyecto_ALU_v1/Sumador.vhd sub00/vhpl09 1450928621
EN seleccion_suma_resta NULL C:/Users/ANDRES/Documents/UBA/Ibimestre/circuitoslogicosprogramables/ProyFinal/programa/Proyecto_ALU_v1/Seleccion_suma_resta.vhd sub00/vhpl16 1450992956
AR seleccion_suma_resta behavioral C:/Users/ANDRES/Documents/UBA/Ibimestre/circuitoslogicosprogramables/ProyFinal/programa/Proyecto_ALU_v1/Seleccion_suma_resta.vhd sub00/vhpl17 1450992957
EN shifter NULL C:/Users/ANDRES/Documents/UBA/Ibimestre/circuitoslogicosprogramables/ProyFinal/programa/Proyecto_ALU_v1/Shifter.vhd sub00/vhpl02 1450652386
AR seleccion_operacion behavioral C:/Users/ANDRES/Documents/UBA/Ibimestre/circuitoslogicosprogramables/ProyFinal/programa/Proyecto_ALU_v1/seleccion_operacion.vhd sub00/vhpl15 1450992392
EN shiftter NULL C:/Users/ANDRES/Documents/UBA/Ibimestre/circuitoslogicosprogramables/ProyFinal/programa/Proyecto_ALU_v1/Shiftter.vhd sub00/vhpl06 1450907124
AR detector_de_rebose behavioral C:/Users/ANDRES/Documents/UBA/Ibimestre/circuitoslogicosprogramables/ProyFinal/programa/Proyecto_ALU_v1/Detector_de_Rebose.vhd sub00/vhpl11 1450968850
EN detector_de_rebose NULL C:/Users/ANDRES/Documents/UBA/Ibimestre/circuitoslogicosprogramables/ProyFinal/programa/Proyecto_ALU_v1/Detector_de_Rebose.vhd sub00/vhpl10 1450968849
EN selec_comp_mantisa NULL C:/Users/ANDRES/Documents/UBA/Ibimestre/circuitoslogicosprogramables/ProyFinal/programa/Proyecto_ALU_v1/Selec_Comp_Mantisa.vhd sub00/vhpl04 1450666864
AR shiftter behavioral C:/Users/ANDRES/Documents/UBA/Ibimestre/circuitoslogicosprogramables/ProyFinal/programa/Proyecto_ALU_v1/Shiftter.vhd sub00/vhpl07 1450907125
AR shifter behavioral C:/Users/ANDRES/Documents/UBA/Ibimestre/circuitoslogicosprogramables/ProyFinal/programa/Proyecto_ALU_v1/Shifter.vhd sub00/vhpl03 1450652387
AR selec_comp_mantisa behavioral C:/Users/ANDRES/Documents/UBA/Ibimestre/circuitoslogicosprogramables/ProyFinal/programa/Proyecto_ALU_v1/Selec_Comp_Mantisa.vhd sub00/vhpl05 1450666865
EN sumador NULL C:/Users/ANDRES/Documents/UBA/Ibimestre/circuitoslogicosprogramables/ProyFinal/programa/Proyecto_ALU_v1/Sumador.vhd sub00/vhpl08 1450928620
AR pressenta_resultados behavioral C:/Users/ANDRES/Documents/UBA/Ibimestre/circuitoslogicosprogramables/ProyFinal/programa/Proyecto_ALU_v1/Pressenta_resultados.vhd sub00/vhpl13 1450989189
