EN comparador_exp NULL C:/Users/ANDRES/Documents/UBA/Ibimestre/circuitoslogicosprogramables/ProyFinal/programa/Proyecto_ALU_v1/Comparador_Exp.vhd sub00/vhpl14 1453914094
AR selec_exponente behavioral C:/Users/ANDRES/Documents/UBA/Ibimestre/circuitoslogicosprogramables/ProyFinal/programa/Proyecto_ALU_v1/Selec_exponente.vhd sub00/vhpl29 1453914111
AR comparador_exp behavioral C:/Users/ANDRES/Documents/UBA/Ibimestre/circuitoslogicosprogramables/ProyFinal/programa/Proyecto_ALU_v1/Comparador_Exp.vhd sub00/vhpl15 1453914095
EN pressenta_resultados NULL C:/Users/ANDRES/Documents/UBA/Ibimestre/circuitoslogicosprogramables/ProyFinal/programa/Proyecto_ALU_v1/Pressenta_resultados.vhd sub00/vhpl10 1453914114
EN decoder_inputs NULL C:/Users/ANDRES/Documents/UBA/Ibimestre/circuitoslogicosprogramables/ProyFinal/programa/Punto_PicoBlaze/Decoder_Inputs.vhd sub00/vhpl08 1453914088
AR kcpsm3_int_test behavioral C:/Users/ANDRES/Documents/UBA/Ibimestre/circuitoslogicosprogramables/ProyFinal/programa/Punto_PicoBlaze/kcpsm3_int_test.vhd sub00/vhpl03 1453914119
EN restador NULL C:/Users/ANDRES/Documents/UBA/Ibimestre/circuitoslogicosprogramables/ProyFinal/programa/Proyecto_ALU_v1/Restador.vhd sub00/vhpl22 1453914104
AR alu_iee_754 behavioral C:/Users/ANDRES/Documents/UBA/Ibimestre/circuitoslogicosprogramables/ProyFinal/programa/Proyecto_ALU_v1/Sumador_iee_754.vhd sub00/vhpl33 1453914117
EN multiplicador NULL C:/Users/ANDRES/Documents/UBA/Ibimestre/circuitoslogicosprogramables/ProyFinal/programa/Proyecto_ALU_v1/Multiplicador.vhd sub00/vhpl24 1453914106
EN selec_exponente NULL C:/Users/ANDRES/Documents/UBA/Ibimestre/circuitoslogicosprogramables/ProyFinal/programa/Proyecto_ALU_v1/Selec_exponente.vhd sub00/vhpl28 1453914110
EN seleccion_operacion NULL C:/Users/ANDRES/Documents/UBA/Ibimestre/circuitoslogicosprogramables/ProyFinal/programa/Proyecto_ALU_v1/seleccion_operacion.vhd sub00/vhpl16 1453914098
EN decoder_alu NULL C:/Users/ANDRES/Documents/UBA/Ibimestre/circuitoslogicosprogramables/ProyFinal/programa/Punto_PicoBlaze/Decoder_ALU.vhd sub00/vhpl04 1453914086
AR sumador behavioral C:/Users/ANDRES/Documents/UBA/Ibimestre/circuitoslogicosprogramables/ProyFinal/programa/Proyecto_ALU_v1/Sumador.vhd sub00/vhpl21 1453914103
EN int_test NULL C:/Users/ANDRES/Documents/UBA/Ibimestre/circuitoslogicosprogramables/ProyFinal/programa/Punto_PicoBlaze/kcpsm3.vhd sub00/vhpl06 1453914092
AR seleccion_operacion behavioral C:/Users/ANDRES/Documents/UBA/Ibimestre/circuitoslogicosprogramables/ProyFinal/programa/Proyecto_ALU_v1/seleccion_operacion.vhd sub00/vhpl17 1453914099
AR decoder_alu behavioral C:/Users/ANDRES/Documents/UBA/Ibimestre/circuitoslogicosprogramables/ProyFinal/programa/Punto_PicoBlaze/Decoder_ALU.vhd sub00/vhpl05 1453914087
EN kcpsm3 NULL C:/Users/ANDRES/Documents/UBA/Ibimestre/circuitoslogicosprogramables/practica1/KCPSM3/VHDL/kcpsm3.vhd sub00/vhpl00 1453914090
EN shiftter NULL C:/Users/ANDRES/Documents/UBA/Ibimestre/circuitoslogicosprogramables/ProyFinal/programa/Proyecto_ALU_v1/Shiftter.vhd sub00/vhpl18 1453914100
AR multiplicador behavioral C:/Users/ANDRES/Documents/UBA/Ibimestre/circuitoslogicosprogramables/ProyFinal/programa/Proyecto_ALU_v1/Multiplicador.vhd sub00/vhpl25 1453914107
EN proyecto_ivan_leon NULL C:/Users/ANDRES/Documents/UBA/Ibimestre/circuitoslogicosprogramables/ProyFinal/programa/Punto_PicoBlaze/Proyecto_Ivan_Leon.vhd sub00/vhpl34 1453914120
AR detector_de_rebose behavioral C:/Users/ANDRES/Documents/UBA/Ibimestre/circuitoslogicosprogramables/ProyFinal/programa/Proyecto_ALU_v1/Detector_de_Rebose.vhd sub00/vhpl31 1453914113
EN detector_de_rebose NULL C:/Users/ANDRES/Documents/UBA/Ibimestre/circuitoslogicosprogramables/ProyFinal/programa/Proyecto_ALU_v1/Detector_de_Rebose.vhd sub00/vhpl30 1453914112
AR restador behavioral C:/Users/ANDRES/Documents/UBA/Ibimestre/circuitoslogicosprogramables/ProyFinal/programa/Proyecto_ALU_v1/Restador.vhd sub00/vhpl23 1453914105
EN selec_comp_mantisa NULL C:/Users/ANDRES/Documents/UBA/Ibimestre/circuitoslogicosprogramables/ProyFinal/programa/Proyecto_ALU_v1/Selec_Comp_Mantisa.vhd sub00/vhpl12 1453914096
EN seleccion_suma_resta_mul NULL C:/Users/ANDRES/Documents/UBA/Ibimestre/circuitoslogicosprogramables/ProyFinal/programa/Proyecto_ALU_v1/Seleccion_suma_resta.vhd sub00/vhpl26 1453914108
EN kcpsm3_int_test NULL C:/Users/ANDRES/Documents/UBA/Ibimestre/circuitoslogicosprogramables/ProyFinal/programa/Punto_PicoBlaze/kcpsm3_int_test.vhd sub00/vhpl02 1453914118
AR shiftter behavioral C:/Users/ANDRES/Documents/UBA/Ibimestre/circuitoslogicosprogramables/ProyFinal/programa/Proyecto_ALU_v1/Shiftter.vhd sub00/vhpl19 1453914101
AR int_test low_level_definition C:/Users/ANDRES/Documents/UBA/Ibimestre/circuitoslogicosprogramables/ProyFinal/programa/Punto_PicoBlaze/kcpsm3.vhd sub00/vhpl07 1453914093
AR selec_comp_mantisa behavioral C:/Users/ANDRES/Documents/UBA/Ibimestre/circuitoslogicosprogramables/ProyFinal/programa/Proyecto_ALU_v1/Selec_Comp_Mantisa.vhd sub00/vhpl13 1453914097
EN sumador NULL C:/Users/ANDRES/Documents/UBA/Ibimestre/circuitoslogicosprogramables/ProyFinal/programa/Proyecto_ALU_v1/Sumador.vhd sub00/vhpl20 1453914102
AR proyecto_ivan_leon behavioral C:/Users/ANDRES/Documents/UBA/Ibimestre/circuitoslogicosprogramables/ProyFinal/programa/Punto_PicoBlaze/Proyecto_Ivan_Leon.vhd sub00/vhpl35 1453914121
EN alu_iee_754 NULL C:/Users/ANDRES/Documents/UBA/Ibimestre/circuitoslogicosprogramables/ProyFinal/programa/Proyecto_ALU_v1/Sumador_iee_754.vhd sub00/vhpl32 1453914116
AR pressenta_resultados behavioral C:/Users/ANDRES/Documents/UBA/Ibimestre/circuitoslogicosprogramables/ProyFinal/programa/Proyecto_ALU_v1/Pressenta_resultados.vhd sub00/vhpl11 1453914115
AR kcpsm3 low_level_definition C:/Users/ANDRES/Documents/UBA/Ibimestre/circuitoslogicosprogramables/practica1/KCPSM3/VHDL/kcpsm3.vhd sub00/vhpl01 1453914091
AR decoder_inputs behavioral C:/Users/ANDRES/Documents/UBA/Ibimestre/circuitoslogicosprogramables/ProyFinal/programa/Punto_PicoBlaze/Decoder_Inputs.vhd sub00/vhpl09 1453914089
AR seleccion_suma_resta_mul behavioral C:/Users/ANDRES/Documents/UBA/Ibimestre/circuitoslogicosprogramables/ProyFinal/programa/Proyecto_ALU_v1/Seleccion_suma_resta.vhd sub00/vhpl27 1453914109
